CMD: /opt/anaconda3/envs/cwq/bin/python train.py --train_path /Users/riyamehta/ot-dual-potentials/data/decoupled_sep_1.0/train.npz --test_path /Users/riyamehta/ot-dual-potentials/data/decoupled_sep_1.0/test.npz --checkpoint_path /Users/riyamehta/ot-dual-potentials/checkpoints/decoupled_sep_1.0/model.pth --loss_plot_path /Users/riyamehta/ot-dual-potentials/results/decoupled_sep_1.0/loss_curve.png --r2_plot_path /Users/riyamehta/ot-dual-potentials/results/decoupled_sep_1.0/r2_curve.png --metrics_path /Users/riyamehta/ot-dual-potentials/results/decoupled_sep_1.0/metrics.csv --num_epochs 100 --seed 0

device: cpu
train instances: 2400, test instances: 600
norm stats (from train): coord_mean=[0.9807799458503723, -0.8523147702217102, 0.9778562784194946, -0.852625846862793, 0.9796130061149597], coord_std=[3.734889268875122, 4.348272800445557, 3.7331652641296387, 4.349282741546631, 3.7299206256866455], u_std=64.206
Epoch 1/100  train_mse=2209.5333 test_mse=2435.1883  train_r2=0.4640 test_r2=0.4419
Epoch 2/100  train_mse=1159.8341 test_mse=1166.7421  train_r2=0.7187 test_r2=0.7326
Epoch 3/100  train_mse=531.4123 test_mse=563.2416  train_r2=0.8711 test_r2=0.8709
Epoch 4/100  train_mse=492.9487 test_mse=522.1607  train_r2=0.8804 test_r2=0.8803
Epoch 5/100  train_mse=712.5674 test_mse=725.3440  train_r2=0.8271 test_r2=0.8338
Epoch 6/100  train_mse=327.8672 test_mse=344.3022  train_r2=0.9205 test_r2=0.9211
Epoch 7/100  train_mse=434.5710 test_mse=452.7113  train_r2=0.8946 test_r2=0.8962
Epoch 8/100  train_mse=349.6575 test_mse=354.4727  train_r2=0.9152 test_r2=0.9188
Epoch 9/100  train_mse=358.9360 test_mse=375.1937  train_r2=0.9129 test_r2=0.9140
Epoch 10/100  train_mse=260.6597 test_mse=266.8615  train_r2=0.9368 test_r2=0.9388
Epoch 11/100  train_mse=187.6242 test_mse=197.5710  train_r2=0.9545 test_r2=0.9547
Epoch 12/100  train_mse=238.3171 test_mse=249.7064  train_r2=0.9422 test_r2=0.9428
Epoch 13/100  train_mse=286.9361 test_mse=295.2192  train_r2=0.9304 test_r2=0.9323
Epoch 14/100  train_mse=411.5322 test_mse=412.8983  train_r2=0.9002 test_r2=0.9054
Epoch 15/100  train_mse=514.4693 test_mse=534.9610  train_r2=0.8752 test_r2=0.8774
Epoch 16/100  train_mse=142.6998 test_mse=145.2545  train_r2=0.9654 test_r2=0.9667
Epoch 17/100  train_mse=250.1870 test_mse=269.6929  train_r2=0.9393 test_r2=0.9382
Epoch 18/100  train_mse=192.1785 test_mse=186.7797  train_r2=0.9534 test_r2=0.9572
Epoch 19/100  train_mse=180.6866 test_mse=190.5683  train_r2=0.9562 test_r2=0.9563
Epoch 20/100  train_mse=172.5017 test_mse=166.0561  train_r2=0.9582 test_r2=0.9619
Epoch 21/100  train_mse=208.1016 test_mse=212.5270  train_r2=0.9495 test_r2=0.9513
Epoch 22/100  train_mse=326.4987 test_mse=333.1727  train_r2=0.9208 test_r2=0.9236
Epoch 23/100  train_mse=174.1498 test_mse=174.1047  train_r2=0.9578 test_r2=0.9601
Epoch 24/100  train_mse=413.8894 test_mse=464.1292  train_r2=0.8996 test_r2=0.8936
Epoch 25/100  train_mse=144.1853 test_mse=140.6656  train_r2=0.9650 test_r2=0.9678
Epoch 26/100  train_mse=316.9961 test_mse=340.5763  train_r2=0.9231 test_r2=0.9219
Epoch 27/100  train_mse=263.9535 test_mse=274.0127  train_r2=0.9360 test_r2=0.9372
Epoch 28/100  train_mse=227.1469 test_mse=225.8354  train_r2=0.9449 test_r2=0.9482
Epoch 29/100  train_mse=152.2701 test_mse=159.5235  train_r2=0.9631 test_r2=0.9634
Epoch 30/100  train_mse=155.0616 test_mse=152.3227  train_r2=0.9624 test_r2=0.9651
Epoch 31/100  train_mse=461.6703 test_mse=502.7407  train_r2=0.8880 test_r2=0.8848
Epoch 32/100  train_mse=295.0012 test_mse=316.8430  train_r2=0.9284 test_r2=0.9274
Epoch 33/100  train_mse=191.8163 test_mse=185.9452  train_r2=0.9535 test_r2=0.9574
Epoch 34/100  train_mse=229.0899 test_mse=226.7552  train_r2=0.9444 test_r2=0.9480
Epoch 35/100  train_mse=146.9533 test_mse=148.0542  train_r2=0.9644 test_r2=0.9661
Epoch 36/100  train_mse=130.9217 test_mse=124.7120  train_r2=0.9682 test_r2=0.9714
Epoch 37/100  train_mse=240.7942 test_mse=246.0836  train_r2=0.9416 test_r2=0.9436
Epoch 38/100  train_mse=108.6556 test_mse=103.5466  train_r2=0.9736 test_r2=0.9763
Epoch 39/100  train_mse=245.2057 test_mse=247.8593  train_r2=0.9405 test_r2=0.9432
Epoch 40/100  train_mse=167.2912 test_mse=165.3995  train_r2=0.9594 test_r2=0.9621
Epoch 41/100  train_mse=124.0961 test_mse=114.9605  train_r2=0.9699 test_r2=0.9737
Epoch 42/100  train_mse=233.2366 test_mse=238.4027  train_r2=0.9434 test_r2=0.9454
Epoch 43/100  train_mse=254.9217 test_mse=260.7840  train_r2=0.9382 test_r2=0.9402
Epoch 44/100  train_mse=217.2014 test_mse=226.2375  train_r2=0.9473 test_r2=0.9481
Epoch 45/100  train_mse=452.1074 test_mse=443.6104  train_r2=0.8903 test_r2=0.8983
Epoch 46/100  train_mse=93.9538 test_mse=98.7599  train_r2=0.9772 test_r2=0.9774
Epoch 47/100  train_mse=260.9882 test_mse=285.4874  train_r2=0.9367 test_r2=0.9346
Epoch 48/100  train_mse=178.6124 test_mse=178.8949  train_r2=0.9567 test_r2=0.9590
Epoch 49/100  train_mse=152.9696 test_mse=148.3266  train_r2=0.9629 test_r2=0.9660
Epoch 50/100  train_mse=311.8268 test_mse=308.5537  train_r2=0.9244 test_r2=0.9293
Epoch 51/100  train_mse=157.7784 test_mse=150.3708  train_r2=0.9617 test_r2=0.9655
Epoch 52/100  train_mse=151.5503 test_mse=136.1536  train_r2=0.9632 test_r2=0.9688
Epoch 53/100  train_mse=213.8494 test_mse=223.3791  train_r2=0.9481 test_r2=0.9488
Epoch 54/100  train_mse=98.3937 test_mse=93.3792  train_r2=0.9761 test_r2=0.9786
Epoch 55/100  train_mse=187.8277 test_mse=177.1687  train_r2=0.9544 test_r2=0.9594
Epoch 56/100  train_mse=94.8693 test_mse=88.9957  train_r2=0.9770 test_r2=0.9796
Epoch 57/100  train_mse=226.0596 test_mse=234.0416  train_r2=0.9452 test_r2=0.9464
Epoch 58/100  train_mse=112.1599 test_mse=121.9160  train_r2=0.9728 test_r2=0.9721
Epoch 59/100  train_mse=142.2216 test_mse=141.5133  train_r2=0.9655 test_r2=0.9676
Epoch 60/100  train_mse=70.5734 test_mse=67.9576  train_r2=0.9829 test_r2=0.9844
Epoch 61/100  train_mse=188.5580 test_mse=182.8922  train_r2=0.9543 test_r2=0.9581
Epoch 62/100  train_mse=128.8613 test_mse=120.2400  train_r2=0.9687 test_r2=0.9724
Epoch 63/100  train_mse=154.0203 test_mse=151.5050  train_r2=0.9626 test_r2=0.9653
Epoch 64/100  train_mse=175.3295 test_mse=177.3137  train_r2=0.9575 test_r2=0.9594
Epoch 65/100  train_mse=212.2766 test_mse=218.5514  train_r2=0.9485 test_r2=0.9499
Epoch 66/100  train_mse=111.0430 test_mse=96.5785  train_r2=0.9731 test_r2=0.9779
Epoch 67/100  train_mse=198.9381 test_mse=185.6443  train_r2=0.9517 test_r2=0.9575
Epoch 68/100  train_mse=137.4666 test_mse=143.1208  train_r2=0.9667 test_r2=0.9672
Epoch 69/100  train_mse=120.4629 test_mse=125.2967  train_r2=0.9708 test_r2=0.9713
Epoch 70/100  train_mse=167.6656 test_mse=161.3871  train_r2=0.9593 test_r2=0.9630
Epoch 71/100  train_mse=148.0315 test_mse=152.6088  train_r2=0.9641 test_r2=0.9650
Epoch 72/100  train_mse=162.9508 test_mse=151.6111  train_r2=0.9605 test_r2=0.9653
Epoch 73/100  train_mse=79.2107 test_mse=82.4378  train_r2=0.9808 test_r2=0.9811
Epoch 74/100  train_mse=199.9902 test_mse=186.7330  train_r2=0.9515 test_r2=0.9572
Epoch 75/100  train_mse=226.1790 test_mse=231.1848  train_r2=0.9451 test_r2=0.9470
Epoch 76/100  train_mse=82.1923 test_mse=76.6601  train_r2=0.9801 test_r2=0.9824
Epoch 77/100  train_mse=138.0528 test_mse=130.0615  train_r2=0.9665 test_r2=0.9702
Epoch 78/100  train_mse=150.5776 test_mse=147.0130  train_r2=0.9635 test_r2=0.9663
Epoch 79/100  train_mse=179.9111 test_mse=167.2634  train_r2=0.9564 test_r2=0.9617
Epoch 80/100  train_mse=139.9790 test_mse=129.0837  train_r2=0.9660 test_r2=0.9704
Epoch 81/100  train_mse=137.9659 test_mse=128.4518  train_r2=0.9665 test_r2=0.9706
Epoch 82/100  train_mse=124.8213 test_mse=118.0680  train_r2=0.9697 test_r2=0.9729
Epoch 83/100  train_mse=130.6673 test_mse=125.3154  train_r2=0.9683 test_r2=0.9713
Epoch 84/100  train_mse=195.2201 test_mse=193.9744  train_r2=0.9526 test_r2=0.9555
Epoch 85/100  train_mse=148.0224 test_mse=131.4695  train_r2=0.9641 test_r2=0.9699
Epoch 86/100  train_mse=99.6101 test_mse=107.6767  train_r2=0.9758 test_r2=0.9753
Epoch 87/100  train_mse=300.0018 test_mse=337.6139  train_r2=0.9272 test_r2=0.9226
Epoch 88/100  train_mse=87.6132 test_mse=82.8732  train_r2=0.9787 test_r2=0.9810
Epoch 89/100  train_mse=90.7606 test_mse=89.5750  train_r2=0.9780 test_r2=0.9795
Epoch 90/100  train_mse=106.0200 test_mse=103.7192  train_r2=0.9743 test_r2=0.9762
Epoch 91/100  train_mse=89.0757 test_mse=89.8129  train_r2=0.9784 test_r2=0.9794
Epoch 92/100  train_mse=145.2327 test_mse=152.1005  train_r2=0.9648 test_r2=0.9651
Epoch 93/100  train_mse=203.6943 test_mse=227.7392  train_r2=0.9506 test_r2=0.9478
Epoch 94/100  train_mse=178.0815 test_mse=181.5791  train_r2=0.9568 test_r2=0.9584
Epoch 95/100  train_mse=100.2253 test_mse=97.8003  train_r2=0.9757 test_r2=0.9776
Epoch 96/100  train_mse=89.6411 test_mse=88.1342  train_r2=0.9783 test_r2=0.9798
Epoch 97/100  train_mse=85.1113 test_mse=88.2658  train_r2=0.9794 test_r2=0.9798
Epoch 98/100  train_mse=103.2029 test_mse=94.8385  train_r2=0.9750 test_r2=0.9783
Epoch 99/100  train_mse=119.2691 test_mse=106.7418  train_r2=0.9711 test_r2=0.9755
Epoch 100/100  train_mse=159.6013 test_mse=167.3297  train_r2=0.9613 test_r2=0.9616
saved checkpoint to /Users/riyamehta/ot-dual-potentials/checkpoints/decoupled_sep_1.0/model.pth
saved loss curve to /Users/riyamehta/ot-dual-potentials/results/decoupled_sep_1.0/loss_curve.png
saved R^2 curve to /Users/riyamehta/ot-dual-potentials/results/decoupled_sep_1.0/r2_curve.png
saved per-epoch metrics to /Users/riyamehta/ot-dual-potentials/results/decoupled_sep_1.0/metrics.csv
