CMD: /opt/anaconda3/envs/cwq/bin/python train.py --train_path /Users/riyamehta/ot-dual-potentials/data/sep_0.6/train.npz --test_path /Users/riyamehta/ot-dual-potentials/data/sep_0.6/test.npz --checkpoint_path /Users/riyamehta/ot-dual-potentials/checkpoints/sep_0.6/model.pth --loss_plot_path /Users/riyamehta/ot-dual-potentials/results/sep_0.6/loss_curve.png --r2_plot_path /Users/riyamehta/ot-dual-potentials/results/sep_0.6/r2_curve.png --metrics_path /Users/riyamehta/ot-dual-potentials/results/sep_0.6/metrics.csv --num_epochs 100 --seed 0

device: cpu
train instances: 2400, test instances: 600
norm stats (from train): coord_mean=[0.30432435870170593, -0.10038501769304276, 0.3017558455467224, -0.10084766894578934, 0.30338990688323975], coord_std=[2.349443197250366, 2.7202701568603516, 2.346618175506592, 2.719193458557129, 2.3436279296875], u_std=19.876
Epoch 1/100  train_mse=394.3916 test_mse=399.4199  train_r2=0.0017 test_r2=0.0016
Epoch 2/100  train_mse=207.3186 test_mse=199.6026  train_r2=0.4752 test_r2=0.5011
Epoch 3/100  train_mse=124.1878 test_mse=120.2337  train_r2=0.6856 test_r2=0.6995
Epoch 4/100  train_mse=108.6492 test_mse=107.9425  train_r2=0.7250 test_r2=0.7302
Epoch 5/100  train_mse=59.4879 test_mse=58.4573  train_r2=0.8494 test_r2=0.8539
Epoch 6/100  train_mse=51.1999 test_mse=51.0221  train_r2=0.8704 test_r2=0.8725
Epoch 7/100  train_mse=42.9740 test_mse=40.9080  train_r2=0.8912 test_r2=0.8977
Epoch 8/100  train_mse=64.1179 test_mse=60.9117  train_r2=0.8377 test_r2=0.8477
Epoch 9/100  train_mse=34.3849 test_mse=34.8804  train_r2=0.9130 test_r2=0.9128
Epoch 10/100  train_mse=35.1913 test_mse=33.6676  train_r2=0.9109 test_r2=0.9158
Epoch 11/100  train_mse=33.4053 test_mse=32.0781  train_r2=0.9154 test_r2=0.9198
Epoch 12/100  train_mse=37.0754 test_mse=37.1039  train_r2=0.9062 test_r2=0.9073
Epoch 13/100  train_mse=74.3875 test_mse=73.7105  train_r2=0.8117 test_r2=0.8158
Epoch 14/100  train_mse=43.6591 test_mse=44.2456  train_r2=0.8895 test_r2=0.8894
Epoch 15/100  train_mse=82.4936 test_mse=75.6365  train_r2=0.7912 test_r2=0.8109
Epoch 16/100  train_mse=36.5240 test_mse=36.3708  train_r2=0.9075 test_r2=0.9091
Epoch 17/100  train_mse=25.0806 test_mse=24.7974  train_r2=0.9365 test_r2=0.9380
Epoch 18/100  train_mse=41.1126 test_mse=39.1672  train_r2=0.8959 test_r2=0.9021
Epoch 19/100  train_mse=21.6928 test_mse=21.5571  train_r2=0.9451 test_r2=0.9461
Epoch 20/100  train_mse=26.4424 test_mse=25.6579  train_r2=0.9331 test_r2=0.9359
Epoch 21/100  train_mse=26.0166 test_mse=26.3816  train_r2=0.9341 test_r2=0.9341
Epoch 22/100  train_mse=32.8137 test_mse=33.5200  train_r2=0.9169 test_r2=0.9162
Epoch 23/100  train_mse=28.6927 test_mse=28.7933  train_r2=0.9274 test_r2=0.9280
Epoch 24/100  train_mse=21.3201 test_mse=21.4337  train_r2=0.9460 test_r2=0.9464
Epoch 25/100  train_mse=18.2973 test_mse=18.7640  train_r2=0.9537 test_r2=0.9531
Epoch 26/100  train_mse=29.1906 test_mse=28.2369  train_r2=0.9261 test_r2=0.9294
Epoch 27/100  train_mse=23.3132 test_mse=24.0063  train_r2=0.9410 test_r2=0.9400
Epoch 28/100  train_mse=22.5836 test_mse=21.5911  train_r2=0.9428 test_r2=0.9460
Epoch 29/100  train_mse=19.5273 test_mse=18.9213  train_r2=0.9506 test_r2=0.9527
Epoch 30/100  train_mse=25.8646 test_mse=26.6752  train_r2=0.9345 test_r2=0.9333
Epoch 31/100  train_mse=19.8247 test_mse=19.3079  train_r2=0.9498 test_r2=0.9517
Epoch 32/100  train_mse=28.3927 test_mse=27.9736  train_r2=0.9281 test_r2=0.9301
Epoch 33/100  train_mse=23.0395 test_mse=23.6090  train_r2=0.9417 test_r2=0.9410
Epoch 34/100  train_mse=30.9513 test_mse=31.2324  train_r2=0.9217 test_r2=0.9219
Epoch 35/100  train_mse=21.0209 test_mse=20.0945  train_r2=0.9468 test_r2=0.9498
Epoch 36/100  train_mse=23.1873 test_mse=23.7312  train_r2=0.9413 test_r2=0.9407
Epoch 37/100  train_mse=33.3113 test_mse=33.3789  train_r2=0.9157 test_r2=0.9166
Epoch 38/100  train_mse=47.3111 test_mse=47.0841  train_r2=0.8802 test_r2=0.8823
Epoch 39/100  train_mse=18.1283 test_mse=18.9100  train_r2=0.9541 test_r2=0.9527
Epoch 40/100  train_mse=27.4245 test_mse=28.4249  train_r2=0.9306 test_r2=0.9289
Epoch 41/100  train_mse=23.9535 test_mse=23.0184  train_r2=0.9394 test_r2=0.9425
Epoch 42/100  train_mse=30.8714 test_mse=33.7798  train_r2=0.9219 test_r2=0.9156
Epoch 43/100  train_mse=28.9478 test_mse=28.4058  train_r2=0.9267 test_r2=0.9290
Epoch 44/100  train_mse=19.9934 test_mse=19.9820  train_r2=0.9494 test_r2=0.9501
Epoch 45/100  train_mse=29.6458 test_mse=28.4567  train_r2=0.9250 test_r2=0.9289
Epoch 46/100  train_mse=15.0257 test_mse=15.7159  train_r2=0.9620 test_r2=0.9607
Epoch 47/100  train_mse=24.1049 test_mse=26.0053  train_r2=0.9390 test_r2=0.9350
Epoch 48/100  train_mse=16.5102 test_mse=17.4592  train_r2=0.9582 test_r2=0.9564
Epoch 49/100  train_mse=13.4911 test_mse=14.3314  train_r2=0.9659 test_r2=0.9642
Epoch 50/100  train_mse=50.0590 test_mse=48.1418  train_r2=0.8733 test_r2=0.8797
Epoch 51/100  train_mse=22.8338 test_mse=23.8684  train_r2=0.9422 test_r2=0.9403
Epoch 52/100  train_mse=17.9842 test_mse=18.7292  train_r2=0.9545 test_r2=0.9532
Epoch 53/100  train_mse=14.8764 test_mse=15.1656  train_r2=0.9623 test_r2=0.9621
Epoch 54/100  train_mse=15.2141 test_mse=16.9093  train_r2=0.9615 test_r2=0.9577
Epoch 55/100  train_mse=29.2851 test_mse=31.9870  train_r2=0.9259 test_r2=0.9200
Epoch 56/100  train_mse=34.0567 test_mse=35.3391  train_r2=0.9138 test_r2=0.9117
Epoch 57/100  train_mse=18.6569 test_mse=20.6773  train_r2=0.9528 test_r2=0.9483
Epoch 58/100  train_mse=28.0771 test_mse=31.0113  train_r2=0.9289 test_r2=0.9225
Epoch 59/100  train_mse=25.5132 test_mse=25.0477  train_r2=0.9354 test_r2=0.9374
Epoch 60/100  train_mse=17.8589 test_mse=18.7090  train_r2=0.9548 test_r2=0.9532
Epoch 61/100  train_mse=14.3989 test_mse=15.9160  train_r2=0.9636 test_r2=0.9602
Epoch 62/100  train_mse=15.9424 test_mse=17.1216  train_r2=0.9596 test_r2=0.9572
Epoch 63/100  train_mse=17.5859 test_mse=18.1315  train_r2=0.9555 test_r2=0.9547
Epoch 64/100  train_mse=22.4564 test_mse=22.0432  train_r2=0.9432 test_r2=0.9449
Epoch 65/100  train_mse=17.2386 test_mse=19.3453  train_r2=0.9564 test_r2=0.9516
Epoch 66/100  train_mse=16.1776 test_mse=16.8395  train_r2=0.9591 test_r2=0.9579
Epoch 67/100  train_mse=25.6395 test_mse=28.6092  train_r2=0.9351 test_r2=0.9285
Epoch 68/100  train_mse=16.2993 test_mse=18.0007  train_r2=0.9587 test_r2=0.9550
Epoch 69/100  train_mse=14.1039 test_mse=15.1839  train_r2=0.9643 test_r2=0.9620
Epoch 70/100  train_mse=18.4323 test_mse=19.3356  train_r2=0.9533 test_r2=0.9517
Epoch 71/100  train_mse=14.4603 test_mse=15.4674  train_r2=0.9634 test_r2=0.9613
Epoch 72/100  train_mse=14.3031 test_mse=16.7568  train_r2=0.9638 test_r2=0.9581
Epoch 73/100  train_mse=30.9937 test_mse=32.2883  train_r2=0.9215 test_r2=0.9193
Epoch 74/100  train_mse=17.6685 test_mse=20.6958  train_r2=0.9553 test_r2=0.9483
Epoch 75/100  train_mse=12.8941 test_mse=15.5031  train_r2=0.9674 test_r2=0.9612
Epoch 76/100  train_mse=13.2451 test_mse=14.5519  train_r2=0.9665 test_r2=0.9636
Epoch 77/100  train_mse=11.8578 test_mse=13.5945  train_r2=0.9700 test_r2=0.9660
Epoch 78/100  train_mse=24.4943 test_mse=27.9496  train_r2=0.9380 test_r2=0.9301
Epoch 79/100  train_mse=22.2746 test_mse=23.7194  train_r2=0.9436 test_r2=0.9407
Epoch 80/100  train_mse=12.8750 test_mse=15.0432  train_r2=0.9674 test_r2=0.9624
Epoch 81/100  train_mse=16.0696 test_mse=18.2050  train_r2=0.9593 test_r2=0.9545
Epoch 82/100  train_mse=18.7768 test_mse=21.1366  train_r2=0.9525 test_r2=0.9472
Epoch 83/100  train_mse=13.5765 test_mse=15.1054  train_r2=0.9656 test_r2=0.9622
Epoch 84/100  train_mse=12.9381 test_mse=15.3209  train_r2=0.9673 test_r2=0.9617
Epoch 85/100  train_mse=20.1328 test_mse=21.1921  train_r2=0.9490 test_r2=0.9470
Epoch 86/100  train_mse=12.5716 test_mse=14.9629  train_r2=0.9682 test_r2=0.9626
Epoch 87/100  train_mse=12.9493 test_mse=14.6481  train_r2=0.9672 test_r2=0.9634
Epoch 88/100  train_mse=19.0040 test_mse=19.6725  train_r2=0.9519 test_r2=0.9508
Epoch 89/100  train_mse=13.8828 test_mse=16.4763  train_r2=0.9649 test_r2=0.9588
Epoch 90/100  train_mse=16.6056 test_mse=17.2575  train_r2=0.9580 test_r2=0.9569
Epoch 91/100  train_mse=13.7652 test_mse=15.4885  train_r2=0.9652 test_r2=0.9613
Epoch 92/100  train_mse=10.7706 test_mse=13.2736  train_r2=0.9727 test_r2=0.9668
Epoch 93/100  train_mse=18.7477 test_mse=21.1436  train_r2=0.9525 test_r2=0.9471
Epoch 94/100  train_mse=16.3432 test_mse=19.4941  train_r2=0.9586 test_r2=0.9513
Epoch 95/100  train_mse=18.9961 test_mse=21.0733  train_r2=0.9519 test_r2=0.9473
Epoch 96/100  train_mse=13.3241 test_mse=16.5193  train_r2=0.9663 test_r2=0.9587
Epoch 97/100  train_mse=26.6550 test_mse=28.3016  train_r2=0.9325 test_r2=0.9293
Epoch 98/100  train_mse=14.1890 test_mse=17.6801  train_r2=0.9641 test_r2=0.9558
Epoch 99/100  train_mse=27.6631 test_mse=28.2581  train_r2=0.9300 test_r2=0.9294
Epoch 100/100  train_mse=19.2073 test_mse=22.9680  train_r2=0.9514 test_r2=0.9426
saved checkpoint to /Users/riyamehta/ot-dual-potentials/checkpoints/sep_0.6/model.pth
saved loss curve to /Users/riyamehta/ot-dual-potentials/results/sep_0.6/loss_curve.png
saved R^2 curve to /Users/riyamehta/ot-dual-potentials/results/sep_0.6/r2_curve.png
saved per-epoch metrics to /Users/riyamehta/ot-dual-potentials/results/sep_0.6/metrics.csv
