CMD: /opt/anaconda3/envs/cwq/bin/python ot_solve.py --num_instances 3000 --n_points 100 --seed 0 --out_dir /Users/riyamehta/ot-dual-potentials/data/sep_0.15 --separation_scale 0.15

generating 3000 instances (n_points=100, seed=0, separation_scale=0.15, decoupled_target=False)...
  generation done in 29.38s
  solved 50/3000  (0.1s, 0.001s/inst)
  solved 100/3000  (0.1s, 0.001s/inst)
  solved 150/3000  (0.2s, 0.001s/inst)
  solved 200/3000  (0.2s, 0.001s/inst)
  solved 250/3000  (0.3s, 0.001s/inst)
  solved 300/3000  (0.3s, 0.001s/inst)
  solved 350/3000  (0.4s, 0.001s/inst)
  solved 400/3000  (0.4s, 0.001s/inst)
  solved 450/3000  (0.5s, 0.001s/inst)
  solved 500/3000  (0.5s, 0.001s/inst)
  solved 550/3000  (0.6s, 0.001s/inst)
  solved 600/3000  (0.7s, 0.001s/inst)
  solved 650/3000  (0.7s, 0.001s/inst)
  solved 700/3000  (0.8s, 0.001s/inst)
  solved 750/3000  (0.8s, 0.001s/inst)
  solved 800/3000  (0.9s, 0.001s/inst)
  solved 850/3000  (0.9s, 0.001s/inst)
  solved 900/3000  (1.0s, 0.001s/inst)
  solved 950/3000  (1.0s, 0.001s/inst)
  solved 1000/3000  (1.1s, 0.001s/inst)
  solved 1050/3000  (1.1s, 0.001s/inst)
  solved 1100/3000  (1.2s, 0.001s/inst)
  solved 1150/3000  (1.3s, 0.001s/inst)
  solved 1200/3000  (1.3s, 0.001s/inst)
  solved 1250/3000  (1.4s, 0.001s/inst)
  solved 1300/3000  (1.4s, 0.001s/inst)
  solved 1350/3000  (1.5s, 0.001s/inst)
  solved 1400/3000  (1.5s, 0.001s/inst)
  solved 1450/3000  (1.6s, 0.001s/inst)
  solved 1500/3000  (1.6s, 0.001s/inst)
  solved 1550/3000  (1.7s, 0.001s/inst)
  solved 1600/3000  (1.7s, 0.001s/inst)
  solved 1650/3000  (1.8s, 0.001s/inst)
  solved 1700/3000  (1.9s, 0.001s/inst)
  solved 1750/3000  (1.9s, 0.001s/inst)
  solved 1800/3000  (2.0s, 0.001s/inst)
  solved 1850/3000  (2.0s, 0.001s/inst)
  solved 1900/3000  (2.1s, 0.001s/inst)
  solved 1950/3000  (2.1s, 0.001s/inst)
  solved 2000/3000  (2.2s, 0.001s/inst)
  solved 2050/3000  (2.2s, 0.001s/inst)
  solved 2100/3000  (2.3s, 0.001s/inst)
  solved 2150/3000  (2.3s, 0.001s/inst)
  solved 2200/3000  (2.4s, 0.001s/inst)
  solved 2250/3000  (2.5s, 0.001s/inst)
  solved 2300/3000  (2.6s, 0.001s/inst)
  solved 2350/3000  (2.6s, 0.001s/inst)
  solved 2400/3000  (2.7s, 0.001s/inst)
  solved 2450/3000  (2.8s, 0.001s/inst)
  solved 2500/3000  (2.8s, 0.001s/inst)
  solved 2550/3000  (2.9s, 0.001s/inst)
  solved 2600/3000  (2.9s, 0.001s/inst)
  solved 2650/3000  (3.0s, 0.001s/inst)
  solved 2700/3000  (3.0s, 0.001s/inst)
  solved 2750/3000  (3.1s, 0.001s/inst)
  solved 2800/3000  (3.1s, 0.001s/inst)
  solved 2850/3000  (3.2s, 0.001s/inst)
  solved 2900/3000  (3.2s, 0.001s/inst)
  solved 2950/3000  (3.3s, 0.001s/inst)
  solved 3000/3000  (3.4s, 0.001s/inst)
split: 2400 train / 600 test
wrote /Users/riyamehta/ot-dual-potentials/data/sep_0.15/train.npz and /Users/riyamehta/ot-dual-potentials/data/sep_0.15/test.npz
total solve+save time: 4.3s  (~43s estimated for 10x instances)
  train.npz: {'X': (2400, 100, 5), 'Y': (2400, 100, 5), 'u_star': (2400, 100)}
  test.npz: {'X': (600, 100, 5), 'Y': (600, 100, 5), 'u_star': (600, 100), 'v_star': (600, 100), 'pi_star': (600, 100, 100)}
