CMD: /opt/anaconda3/envs/cwq/bin/python train.py --train_path /Users/riyamehta/ot-dual-potentials/data/sep_2.0/train.npz --test_path /Users/riyamehta/ot-dual-potentials/data/sep_2.0/test.npz --checkpoint_path /Users/riyamehta/ot-dual-potentials/checkpoints/sep_2.0/model.pth --loss_plot_path /Users/riyamehta/ot-dual-potentials/results/sep_2.0/loss_curve.png --r2_plot_path /Users/riyamehta/ot-dual-potentials/results/sep_2.0/r2_curve.png --metrics_path /Users/riyamehta/ot-dual-potentials/results/sep_2.0/metrics.csv --num_epochs 100 --seed 0

device: cpu
train instances: 2400, test instances: 600
norm stats (from train): coord_mean=[0.3110414743423462, -0.10205919295549393, 0.30847296118736267, -0.10252184420824051, 0.31010702252388], coord_std=[7.0717973709106445, 8.427838325500488, 7.068974018096924, 8.427204132080078, 7.065890312194824], u_std=335.696
Epoch 1/100  train_mse=111958.0645 test_mse=112826.9029  train_r2=0.0065 test_r2=0.0076
Epoch 2/100  train_mse=42667.4105 test_mse=38761.4909  train_r2=0.6214 test_r2=0.6591
Epoch 3/100  train_mse=53942.2404 test_mse=53999.5659  train_r2=0.5213 test_r2=0.5250
Epoch 4/100  train_mse=32449.1931 test_mse=31758.7838  train_r2=0.7121 test_r2=0.7207
Epoch 5/100  train_mse=11309.4725 test_mse=10996.0781  train_r2=0.8996 test_r2=0.9033
Epoch 6/100  train_mse=24148.3689 test_mse=25749.6211  train_r2=0.7857 test_r2=0.7735
Epoch 7/100  train_mse=8560.5569 test_mse=9983.6480  train_r2=0.9240 test_r2=0.9122
Epoch 8/100  train_mse=8173.3031 test_mse=9277.8705  train_r2=0.9275 test_r2=0.9184
Epoch 9/100  train_mse=19201.1973 test_mse=19139.5094  train_r2=0.8296 test_r2=0.8316
Epoch 10/100  train_mse=24946.0014 test_mse=24983.9977  train_r2=0.7786 test_r2=0.7802
Epoch 11/100  train_mse=10060.1136 test_mse=10559.8374  train_r2=0.9107 test_r2=0.9071
Epoch 12/100  train_mse=18507.9529 test_mse=20850.2918  train_r2=0.8358 test_r2=0.8166
Epoch 13/100  train_mse=14657.3347 test_mse=15454.4515  train_r2=0.8699 test_r2=0.8641
Epoch 14/100  train_mse=10879.6284 test_mse=11595.9011  train_r2=0.9035 test_r2=0.8980
Epoch 15/100  train_mse=18945.4230 test_mse=19937.8969  train_r2=0.8319 test_r2=0.8246
Epoch 16/100  train_mse=9643.5125 test_mse=9057.1341  train_r2=0.9144 test_r2=0.9203
Epoch 17/100  train_mse=15392.4970 test_mse=15809.0375  train_r2=0.8634 test_r2=0.8609
Epoch 18/100  train_mse=14513.0931 test_mse=16505.1556  train_r2=0.8712 test_r2=0.8548
Epoch 19/100  train_mse=10992.8504 test_mse=12042.1058  train_r2=0.9025 test_r2=0.8941
Epoch 20/100  train_mse=6814.6080 test_mse=7831.5892  train_r2=0.9395 test_r2=0.9311
Epoch 21/100  train_mse=8290.6450 test_mse=8562.4691  train_r2=0.9264 test_r2=0.9247
Epoch 22/100  train_mse=7706.5382 test_mse=8597.4854  train_r2=0.9316 test_r2=0.9244
Epoch 23/100  train_mse=12176.8330 test_mse=13930.9619  train_r2=0.8919 test_r2=0.8775
Epoch 24/100  train_mse=17927.0922 test_mse=19630.7910  train_r2=0.8409 test_r2=0.8273
Epoch 25/100  train_mse=6344.4632 test_mse=6703.2245  train_r2=0.9437 test_r2=0.9410
Epoch 26/100  train_mse=16483.7844 test_mse=17038.1636  train_r2=0.8537 test_r2=0.8501
Epoch 27/100  train_mse=6996.6659 test_mse=7294.5598  train_r2=0.9379 test_r2=0.9358
Epoch 28/100  train_mse=8289.3858 test_mse=9653.4532  train_r2=0.9264 test_r2=0.9151
Epoch 29/100  train_mse=13475.3910 test_mse=12781.0619  train_r2=0.8804 test_r2=0.8876
Epoch 30/100  train_mse=23851.7939 test_mse=22252.6443  train_r2=0.7883 test_r2=0.8043
Epoch 31/100  train_mse=9721.7190 test_mse=9641.3118  train_r2=0.9137 test_r2=0.9152
Epoch 32/100  train_mse=12092.4065 test_mse=10988.8341  train_r2=0.8927 test_r2=0.9033
Epoch 33/100  train_mse=9123.2311 test_mse=10392.6321  train_r2=0.9190 test_r2=0.9086
Epoch 34/100  train_mse=14074.2126 test_mse=14888.0327  train_r2=0.8751 test_r2=0.8690
Epoch 35/100  train_mse=11938.8704 test_mse=11809.1352  train_r2=0.8941 test_r2=0.8961
Epoch 36/100  train_mse=10878.9747 test_mse=11652.8828  train_r2=0.9035 test_r2=0.8975
Epoch 37/100  train_mse=6242.9919 test_mse=6968.2847  train_r2=0.9446 test_r2=0.9387
Epoch 38/100  train_mse=7139.4336 test_mse=7666.6507  train_r2=0.9366 test_r2=0.9326
Epoch 39/100  train_mse=7352.6980 test_mse=8231.9102  train_r2=0.9348 test_r2=0.9276
Epoch 40/100  train_mse=14001.9408 test_mse=14367.6910  train_r2=0.8757 test_r2=0.8736
Epoch 41/100  train_mse=8728.9753 test_mse=9987.3916  train_r2=0.9225 test_r2=0.9122
Epoch 42/100  train_mse=6297.0489 test_mse=6408.3004  train_r2=0.9441 test_r2=0.9436
Epoch 43/100  train_mse=8348.6318 test_mse=8429.8761  train_r2=0.9259 test_r2=0.9259
Epoch 44/100  train_mse=14774.1635 test_mse=15778.2100  train_r2=0.8689 test_r2=0.8612
Epoch 45/100  train_mse=8096.1907 test_mse=8272.7741  train_r2=0.9282 test_r2=0.9272
Epoch 46/100  train_mse=5437.5698 test_mse=5642.0120  train_r2=0.9517 test_r2=0.9504
Epoch 47/100  train_mse=12162.0341 test_mse=12336.4459  train_r2=0.8921 test_r2=0.8915
Epoch 48/100  train_mse=11540.0790 test_mse=12924.5566  train_r2=0.8976 test_r2=0.8863
Epoch 49/100  train_mse=5446.6864 test_mse=5708.9977  train_r2=0.9517 test_r2=0.9498
Epoch 50/100  train_mse=7371.2678 test_mse=9016.1078  train_r2=0.9346 test_r2=0.9207
Epoch 51/100  train_mse=18215.3176 test_mse=19661.7142  train_r2=0.8384 test_r2=0.8271
Epoch 52/100  train_mse=5923.2356 test_mse=7383.8623  train_r2=0.9474 test_r2=0.9351
Epoch 53/100  train_mse=13102.4153 test_mse=12754.4370  train_r2=0.8837 test_r2=0.8878
Epoch 54/100  train_mse=10631.8200 test_mse=12115.2491  train_r2=0.9057 test_r2=0.8934
Epoch 55/100  train_mse=6693.9926 test_mse=8041.0929  train_r2=0.9406 test_r2=0.9293
Epoch 56/100  train_mse=13042.3736 test_mse=12666.5600  train_r2=0.8843 test_r2=0.8886
Epoch 57/100  train_mse=6588.4100 test_mse=7532.1978  train_r2=0.9415 test_r2=0.9337
Epoch 58/100  train_mse=5880.3499 test_mse=6594.1691  train_r2=0.9478 test_r2=0.9420
Epoch 59/100  train_mse=6188.2660 test_mse=7684.6512  train_r2=0.9451 test_r2=0.9324
Epoch 60/100  train_mse=5910.6857 test_mse=6604.1669  train_r2=0.9475 test_r2=0.9419
Epoch 61/100  train_mse=4821.9804 test_mse=5805.0057  train_r2=0.9572 test_r2=0.9489
Epoch 62/100  train_mse=5020.8607 test_mse=5104.9236  train_r2=0.9554 test_r2=0.9551
Epoch 63/100  train_mse=12201.9512 test_mse=14325.2801  train_r2=0.8917 test_r2=0.8740
Epoch 64/100  train_mse=5523.9351 test_mse=6332.2224  train_r2=0.9510 test_r2=0.9443
Epoch 65/100  train_mse=6908.1678 test_mse=6651.7150  train_r2=0.9387 test_r2=0.9415
Epoch 66/100  train_mse=8960.0335 test_mse=9249.5345  train_r2=0.9205 test_r2=0.9186
Epoch 67/100  train_mse=5142.1865 test_mse=5652.5239  train_r2=0.9544 test_r2=0.9503
Epoch 68/100  train_mse=6967.0326 test_mse=8517.6807  train_r2=0.9382 test_r2=0.9251
Epoch 69/100  train_mse=5310.6929 test_mse=5528.5066  train_r2=0.9529 test_r2=0.9514
Epoch 70/100  train_mse=5836.6812 test_mse=6560.8651  train_r2=0.9482 test_r2=0.9423
Epoch 71/100  train_mse=7009.6412 test_mse=8264.9641  train_r2=0.9378 test_r2=0.9273
Epoch 72/100  train_mse=13657.2321 test_mse=15942.4013  train_r2=0.8788 test_r2=0.8598
Epoch 73/100  train_mse=7899.0374 test_mse=8389.7219  train_r2=0.9299 test_r2=0.9262
Epoch 74/100  train_mse=6171.0286 test_mse=7026.9829  train_r2=0.9452 test_r2=0.9382
Epoch 75/100  train_mse=4155.6991 test_mse=5164.0095  train_r2=0.9631 test_r2=0.9546
Epoch 76/100  train_mse=7051.9753 test_mse=7660.3213  train_r2=0.9374 test_r2=0.9326
Epoch 77/100  train_mse=4179.7914 test_mse=5097.2212  train_r2=0.9629 test_r2=0.9552
Epoch 78/100  train_mse=18100.6564 test_mse=18026.7122  train_r2=0.8394 test_r2=0.8414
Epoch 79/100  train_mse=9381.9042 test_mse=10665.3926  train_r2=0.9167 test_r2=0.9062
Epoch 80/100  train_mse=3555.1311 test_mse=4546.3470  train_r2=0.9685 test_r2=0.9600
Epoch 81/100  train_mse=3885.7616 test_mse=5176.2201  train_r2=0.9655 test_r2=0.9545
Epoch 82/100  train_mse=9898.7460 test_mse=9268.8779  train_r2=0.9122 test_r2=0.9185
Epoch 83/100  train_mse=6573.9195 test_mse=7711.3042  train_r2=0.9417 test_r2=0.9322
Epoch 84/100  train_mse=11141.6215 test_mse=12117.5992  train_r2=0.9011 test_r2=0.8934
Epoch 85/100  train_mse=8545.8287 test_mse=10375.7440  train_r2=0.9242 test_r2=0.9087
Epoch 86/100  train_mse=6088.9588 test_mse=6710.6711  train_r2=0.9460 test_r2=0.9410
Epoch 87/100  train_mse=3782.3100 test_mse=4570.2439  train_r2=0.9664 test_r2=0.9598
Epoch 88/100  train_mse=6157.5753 test_mse=7631.0935  train_r2=0.9454 test_r2=0.9329
Epoch 89/100  train_mse=14475.8643 test_mse=15943.7844  train_r2=0.8715 test_r2=0.8598
Epoch 90/100  train_mse=5719.7468 test_mse=6086.5929  train_r2=0.9492 test_r2=0.9465
Epoch 91/100  train_mse=8880.2847 test_mse=7996.1771  train_r2=0.9212 test_r2=0.9297
Epoch 92/100  train_mse=5369.9694 test_mse=6537.3570  train_r2=0.9523 test_r2=0.9425
Epoch 93/100  train_mse=4289.8952 test_mse=5870.3459  train_r2=0.9619 test_r2=0.9484
Epoch 94/100  train_mse=4983.5961 test_mse=6540.0078  train_r2=0.9558 test_r2=0.9425
Epoch 95/100  train_mse=4667.7414 test_mse=5537.8307  train_r2=0.9586 test_r2=0.9513
Epoch 96/100  train_mse=7358.7391 test_mse=8058.8796  train_r2=0.9347 test_r2=0.9291
Epoch 97/100  train_mse=10947.4748 test_mse=11206.3761  train_r2=0.9029 test_r2=0.9014
Epoch 98/100  train_mse=6053.8040 test_mse=7373.3909  train_r2=0.9463 test_r2=0.9351
Epoch 99/100  train_mse=6376.1115 test_mse=6987.1556  train_r2=0.9434 test_r2=0.9385
Epoch 100/100  train_mse=5045.2250 test_mse=6490.9744  train_r2=0.9552 test_r2=0.9429
saved checkpoint to /Users/riyamehta/ot-dual-potentials/checkpoints/sep_2.0/model.pth
saved loss curve to /Users/riyamehta/ot-dual-potentials/results/sep_2.0/loss_curve.png
saved R^2 curve to /Users/riyamehta/ot-dual-potentials/results/sep_2.0/r2_curve.png
saved per-epoch metrics to /Users/riyamehta/ot-dual-potentials/results/sep_2.0/metrics.csv
