CMD: /opt/anaconda3/envs/cwq/bin/python train.py --train_path /Users/riyamehta/ot-dual-potentials/data/sep_0.3/train.npz --test_path /Users/riyamehta/ot-dual-potentials/data/sep_0.3/test.npz --checkpoint_path /Users/riyamehta/ot-dual-potentials/checkpoints/sep_0.3/model.pth --loss_plot_path /Users/riyamehta/ot-dual-potentials/results/sep_0.3/loss_curve.png --r2_plot_path /Users/riyamehta/ot-dual-potentials/results/sep_0.3/r2_curve.png --metrics_path /Users/riyamehta/ot-dual-potentials/results/sep_0.3/metrics.csv --num_epochs 100 --seed 0

device: cpu
train instances: 2400, test instances: 600
norm stats (from train): coord_mean=[0.3028850257396698, -0.10002627968788147, 0.3003164827823639, -0.10048893094062805, 0.3019505739212036], coord_std=[1.4887443780899048, 1.637624979019165, 1.4862052202224731, 1.636152982711792, 1.4836162328720093], u_std=3.496
Epoch 1/100  train_mse=10.3637 test_mse=10.6690  train_r2=0.1521 test_r2=0.1451
Epoch 2/100  train_mse=8.5555 test_mse=8.9251  train_r2=0.3001 test_r2=0.2849
Epoch 3/100  train_mse=3.4447 test_mse=3.5028  train_r2=0.7182 test_r2=0.7193
Epoch 4/100  train_mse=3.3465 test_mse=3.4472  train_r2=0.7262 test_r2=0.7238
Epoch 5/100  train_mse=5.1731 test_mse=5.2776  train_r2=0.5768 test_r2=0.5771
Epoch 6/100  train_mse=2.5229 test_mse=2.5451  train_r2=0.7936 test_r2=0.7961
Epoch 7/100  train_mse=2.8670 test_mse=2.8919  train_r2=0.7655 test_r2=0.7683
Epoch 8/100  train_mse=1.9027 test_mse=1.9055  train_r2=0.8443 test_r2=0.8473
Epoch 9/100  train_mse=2.1136 test_mse=2.1317  train_r2=0.8271 test_r2=0.8292
Epoch 10/100  train_mse=1.7748 test_mse=1.8359  train_r2=0.8548 test_r2=0.8529
Epoch 11/100  train_mse=1.7958 test_mse=1.8366  train_r2=0.8531 test_r2=0.8528
Epoch 12/100  train_mse=1.9329 test_mse=2.0106  train_r2=0.8419 test_r2=0.8389
Epoch 13/100  train_mse=1.7959 test_mse=1.8914  train_r2=0.8531 test_r2=0.8484
Epoch 14/100  train_mse=1.6040 test_mse=1.6431  train_r2=0.8688 test_r2=0.8683
Epoch 15/100  train_mse=1.9247 test_mse=1.9905  train_r2=0.8425 test_r2=0.8405
Epoch 16/100  train_mse=1.5640 test_mse=1.6278  train_r2=0.8720 test_r2=0.8696
Epoch 17/100  train_mse=1.8011 test_mse=1.8926  train_r2=0.8527 test_r2=0.8484
Epoch 18/100  train_mse=1.8975 test_mse=1.9461  train_r2=0.8448 test_r2=0.8441
Epoch 19/100  train_mse=1.3268 test_mse=1.4009  train_r2=0.8915 test_r2=0.8878
Epoch 20/100  train_mse=1.4691 test_mse=1.5528  train_r2=0.8798 test_r2=0.8756
Epoch 21/100  train_mse=1.5579 test_mse=1.6397  train_r2=0.8725 test_r2=0.8686
Epoch 22/100  train_mse=1.6240 test_mse=1.7241  train_r2=0.8671 test_r2=0.8619
Epoch 23/100  train_mse=1.7635 test_mse=1.8640  train_r2=0.8557 test_r2=0.8506
Epoch 24/100  train_mse=1.3257 test_mse=1.4068  train_r2=0.8915 test_r2=0.8873
Epoch 25/100  train_mse=1.3841 test_mse=1.4992  train_r2=0.8868 test_r2=0.8799
Epoch 26/100  train_mse=1.3920 test_mse=1.4826  train_r2=0.8861 test_r2=0.8812
Epoch 27/100  train_mse=1.4227 test_mse=1.4791  train_r2=0.8836 test_r2=0.8815
Epoch 28/100  train_mse=1.3347 test_mse=1.4239  train_r2=0.8908 test_r2=0.8859
Epoch 29/100  train_mse=1.3658 test_mse=1.4891  train_r2=0.8883 test_r2=0.8807
Epoch 30/100  train_mse=1.2311 test_mse=1.3348  train_r2=0.8993 test_r2=0.8930
Epoch 31/100  train_mse=1.5870 test_mse=1.7158  train_r2=0.8702 test_r2=0.8625
Epoch 32/100  train_mse=1.2475 test_mse=1.3674  train_r2=0.8979 test_r2=0.8904
Epoch 33/100  train_mse=1.2028 test_mse=1.3137  train_r2=0.9016 test_r2=0.8947
Epoch 34/100  train_mse=1.3423 test_mse=1.4694  train_r2=0.8902 test_r2=0.8823
Epoch 35/100  train_mse=1.4113 test_mse=1.5560  train_r2=0.8845 test_r2=0.8753
Epoch 36/100  train_mse=1.5080 test_mse=1.6515  train_r2=0.8766 test_r2=0.8677
Epoch 37/100  train_mse=1.2352 test_mse=1.3564  train_r2=0.8989 test_r2=0.8913
Epoch 38/100  train_mse=1.4508 test_mse=1.5370  train_r2=0.8813 test_r2=0.8768
Epoch 39/100  train_mse=1.2123 test_mse=1.3226  train_r2=0.9008 test_r2=0.8940
Epoch 40/100  train_mse=1.4324 test_mse=1.5651  train_r2=0.8828 test_r2=0.8746
Epoch 41/100  train_mse=1.3565 test_mse=1.4611  train_r2=0.8890 test_r2=0.8829
Epoch 42/100  train_mse=1.2969 test_mse=1.4012  train_r2=0.8939 test_r2=0.8877
Epoch 43/100  train_mse=1.2106 test_mse=1.3258  train_r2=0.9010 test_r2=0.8938
Epoch 44/100  train_mse=1.4013 test_mse=1.5727  train_r2=0.8854 test_r2=0.8740
Epoch 45/100  train_mse=1.1579 test_mse=1.3105  train_r2=0.9053 test_r2=0.8950
Epoch 46/100  train_mse=1.2814 test_mse=1.4131  train_r2=0.8952 test_r2=0.8868
Epoch 47/100  train_mse=1.2558 test_mse=1.3717  train_r2=0.8973 test_r2=0.8901
Epoch 48/100  train_mse=1.2342 test_mse=1.4109  train_r2=0.8990 test_r2=0.8869
Epoch 49/100  train_mse=1.3018 test_mse=1.4306  train_r2=0.8935 test_r2=0.8854
Epoch 50/100  train_mse=1.3410 test_mse=1.4845  train_r2=0.8903 test_r2=0.8811
Epoch 51/100  train_mse=1.2651 test_mse=1.3914  train_r2=0.8965 test_r2=0.8885
Epoch 52/100  train_mse=1.2615 test_mse=1.3922  train_r2=0.8968 test_r2=0.8884
Epoch 53/100  train_mse=1.1376 test_mse=1.2749  train_r2=0.9069 test_r2=0.8978
Epoch 54/100  train_mse=1.1450 test_mse=1.2949  train_r2=0.9063 test_r2=0.8962
Epoch 55/100  train_mse=1.1641 test_mse=1.3097  train_r2=0.9048 test_r2=0.8951
Epoch 56/100  train_mse=1.2196 test_mse=1.3543  train_r2=0.9002 test_r2=0.8915
Epoch 57/100  train_mse=1.0909 test_mse=1.2430  train_r2=0.9108 test_r2=0.9004
Epoch 58/100  train_mse=1.2351 test_mse=1.3663  train_r2=0.8990 test_r2=0.8905
Epoch 59/100  train_mse=1.0802 test_mse=1.2237  train_r2=0.9116 test_r2=0.9019
Epoch 60/100  train_mse=1.2455 test_mse=1.4081  train_r2=0.8981 test_r2=0.8872
Epoch 61/100  train_mse=1.0683 test_mse=1.2157  train_r2=0.9126 test_r2=0.9026
Epoch 62/100  train_mse=1.1979 test_mse=1.3257  train_r2=0.9020 test_r2=0.8938
Epoch 63/100  train_mse=1.1831 test_mse=1.3283  train_r2=0.9032 test_r2=0.8936
Epoch 64/100  train_mse=1.2328 test_mse=1.3735  train_r2=0.8991 test_r2=0.8899
Epoch 65/100  train_mse=1.0951 test_mse=1.2559  train_r2=0.9104 test_r2=0.8994
Epoch 66/100  train_mse=1.1582 test_mse=1.3267  train_r2=0.9052 test_r2=0.8937
Epoch 67/100  train_mse=1.0738 test_mse=1.2148  train_r2=0.9122 test_r2=0.9027
Epoch 68/100  train_mse=1.1871 test_mse=1.3311  train_r2=0.9029 test_r2=0.8933
Epoch 69/100  train_mse=1.1417 test_mse=1.3133  train_r2=0.9066 test_r2=0.8948
Epoch 70/100  train_mse=1.1104 test_mse=1.2675  train_r2=0.9092 test_r2=0.8984
Epoch 71/100  train_mse=1.1496 test_mse=1.2979  train_r2=0.9060 test_r2=0.8960
Epoch 72/100  train_mse=1.0917 test_mse=1.2803  train_r2=0.9107 test_r2=0.8974
Epoch 73/100  train_mse=1.3717 test_mse=1.5778  train_r2=0.8878 test_r2=0.8736
Epoch 74/100  train_mse=1.0624 test_mse=1.2324  train_r2=0.9131 test_r2=0.9012
Epoch 75/100  train_mse=1.0779 test_mse=1.2629  train_r2=0.9118 test_r2=0.8988
Epoch 76/100  train_mse=1.1145 test_mse=1.3091  train_r2=0.9088 test_r2=0.8951
Epoch 77/100  train_mse=1.0883 test_mse=1.2811  train_r2=0.9110 test_r2=0.8973
Epoch 78/100  train_mse=1.0391 test_mse=1.2560  train_r2=0.9150 test_r2=0.8994
Epoch 79/100  train_mse=1.0657 test_mse=1.2555  train_r2=0.9128 test_r2=0.8994
Epoch 80/100  train_mse=1.0638 test_mse=1.2612  train_r2=0.9130 test_r2=0.8989
Epoch 81/100  train_mse=1.1038 test_mse=1.2926  train_r2=0.9097 test_r2=0.8964
Epoch 82/100  train_mse=1.4069 test_mse=1.5468  train_r2=0.8849 test_r2=0.8761
Epoch 83/100  train_mse=1.0554 test_mse=1.2615  train_r2=0.9137 test_r2=0.8989
Epoch 84/100  train_mse=1.1138 test_mse=1.3564  train_r2=0.9089 test_r2=0.8913
Epoch 85/100  train_mse=1.0572 test_mse=1.2548  train_r2=0.9135 test_r2=0.8995
Epoch 86/100  train_mse=1.0973 test_mse=1.3299  train_r2=0.9102 test_r2=0.8934
Epoch 87/100  train_mse=1.1539 test_mse=1.3994  train_r2=0.9056 test_r2=0.8879
Epoch 88/100  train_mse=1.0103 test_mse=1.2353  train_r2=0.9173 test_r2=0.9010
Epoch 89/100  train_mse=1.1025 test_mse=1.3357  train_r2=0.9098 test_r2=0.8930
Epoch 90/100  train_mse=1.0058 test_mse=1.2267  train_r2=0.9177 test_r2=0.9017
Epoch 91/100  train_mse=1.0484 test_mse=1.2529  train_r2=0.9142 test_r2=0.8996
Epoch 92/100  train_mse=0.9621 test_mse=1.1785  train_r2=0.9213 test_r2=0.9056
Epoch 93/100  train_mse=1.0535 test_mse=1.2604  train_r2=0.9138 test_r2=0.8990
Epoch 94/100  train_mse=1.1945 test_mse=1.3749  train_r2=0.9023 test_r2=0.8898
Epoch 95/100  train_mse=1.1629 test_mse=1.4189  train_r2=0.9049 test_r2=0.8863
Epoch 96/100  train_mse=1.1457 test_mse=1.3377  train_r2=0.9063 test_r2=0.8928
Epoch 97/100  train_mse=0.9990 test_mse=1.2314  train_r2=0.9183 test_r2=0.9013
Epoch 98/100  train_mse=1.0472 test_mse=1.2977  train_r2=0.9143 test_r2=0.8960
Epoch 99/100  train_mse=1.0056 test_mse=1.2323  train_r2=0.9177 test_r2=0.9013
Epoch 100/100  train_mse=1.0219 test_mse=1.2372  train_r2=0.9164 test_r2=0.9009
saved checkpoint to /Users/riyamehta/ot-dual-potentials/checkpoints/sep_0.3/model.pth
saved loss curve to /Users/riyamehta/ot-dual-potentials/results/sep_0.3/loss_curve.png
saved R^2 curve to /Users/riyamehta/ot-dual-potentials/results/sep_0.3/r2_curve.png
saved per-epoch metrics to /Users/riyamehta/ot-dual-potentials/results/sep_0.3/metrics.csv
