CMD: /opt/anaconda3/envs/cwq/bin/python train.py --train_path /Users/riyamehta/ot-dual-potentials/data/sep_0.15/train.npz --test_path /Users/riyamehta/ot-dual-potentials/data/sep_0.15/test.npz --checkpoint_path /Users/riyamehta/ot-dual-potentials/checkpoints/sep_0.15/model.pth --loss_plot_path /Users/riyamehta/ot-dual-potentials/results/sep_0.15/loss_curve.png --r2_plot_path /Users/riyamehta/ot-dual-potentials/results/sep_0.15/r2_curve.png --metrics_path /Users/riyamehta/ot-dual-potentials/results/sep_0.15/metrics.csv --num_epochs 100 --seed 0

device: cpu
train instances: 2400, test instances: 600
norm stats (from train): coord_mean=[0.30216529965400696, -0.09984690696001053, 0.2995968163013458, -0.10030955076217651, 0.30123084783554077], coord_std=[1.1786328554153442, 1.22594153881073, 1.1766384840011597, 1.2241863012313843, 1.1747156381607056], u_std=1.945
Epoch 1/100  train_mse=2.0086 test_mse=2.0340  train_r2=0.4690 test_r2=0.4577
Epoch 2/100  train_mse=1.7186 test_mse=1.7447  train_r2=0.5456 test_r2=0.5348
Epoch 3/100  train_mse=1.1865 test_mse=1.1931  train_r2=0.6863 test_r2=0.6819
Epoch 4/100  train_mse=0.9953 test_mse=1.0033  train_r2=0.7369 test_r2=0.7325
Epoch 5/100  train_mse=0.7836 test_mse=0.7839  train_r2=0.7928 test_r2=0.7910
Epoch 6/100  train_mse=0.6902 test_mse=0.6936  train_r2=0.8175 test_r2=0.8151
Epoch 7/100  train_mse=0.6989 test_mse=0.7080  train_r2=0.8152 test_r2=0.8112
Epoch 8/100  train_mse=0.6460 test_mse=0.6517  train_r2=0.8292 test_r2=0.8262
Epoch 9/100  train_mse=0.6470 test_mse=0.6508  train_r2=0.8290 test_r2=0.8265
Epoch 10/100  train_mse=0.6202 test_mse=0.6248  train_r2=0.8360 test_r2=0.8334
Epoch 11/100  train_mse=0.5731 test_mse=0.5851  train_r2=0.8485 test_r2=0.8440
Epoch 12/100  train_mse=0.6055 test_mse=0.6105  train_r2=0.8399 test_r2=0.8372
Epoch 13/100  train_mse=0.6202 test_mse=0.6350  train_r2=0.8360 test_r2=0.8307
Epoch 14/100  train_mse=0.6143 test_mse=0.6243  train_r2=0.8376 test_r2=0.8335
Epoch 15/100  train_mse=0.5936 test_mse=0.6044  train_r2=0.8430 test_r2=0.8388
Epoch 16/100  train_mse=0.5866 test_mse=0.5969  train_r2=0.8449 test_r2=0.8408
Epoch 17/100  train_mse=0.5797 test_mse=0.5900  train_r2=0.8467 test_r2=0.8427
Epoch 18/100  train_mse=0.5762 test_mse=0.5910  train_r2=0.8477 test_r2=0.8424
Epoch 19/100  train_mse=0.5679 test_mse=0.5805  train_r2=0.8499 test_r2=0.8452
Epoch 20/100  train_mse=0.5460 test_mse=0.5590  train_r2=0.8557 test_r2=0.8509
Epoch 21/100  train_mse=0.5272 test_mse=0.5450  train_r2=0.8606 test_r2=0.8547
Epoch 22/100  train_mse=0.5968 test_mse=0.6141  train_r2=0.8422 test_r2=0.8363
Epoch 23/100  train_mse=0.5264 test_mse=0.5446  train_r2=0.8608 test_r2=0.8548
Epoch 24/100  train_mse=0.5574 test_mse=0.5738  train_r2=0.8526 test_r2=0.8470
Epoch 25/100  train_mse=0.6091 test_mse=0.6283  train_r2=0.8390 test_r2=0.8325
Epoch 26/100  train_mse=0.5599 test_mse=0.5815  train_r2=0.8520 test_r2=0.8450
Epoch 27/100  train_mse=0.5502 test_mse=0.5753  train_r2=0.8545 test_r2=0.8466
Epoch 28/100  train_mse=0.5651 test_mse=0.5898  train_r2=0.8506 test_r2=0.8427
Epoch 29/100  train_mse=0.5420 test_mse=0.5732  train_r2=0.8567 test_r2=0.8472
Epoch 30/100  train_mse=0.5296 test_mse=0.5548  train_r2=0.8600 test_r2=0.8521
Epoch 31/100  train_mse=0.5327 test_mse=0.5530  train_r2=0.8592 test_r2=0.8525
Epoch 32/100  train_mse=0.5188 test_mse=0.5466  train_r2=0.8628 test_r2=0.8543
Epoch 33/100  train_mse=0.5138 test_mse=0.5385  train_r2=0.8641 test_r2=0.8564
Epoch 34/100  train_mse=0.5077 test_mse=0.5324  train_r2=0.8658 test_r2=0.8580
Epoch 35/100  train_mse=0.5044 test_mse=0.5335  train_r2=0.8666 test_r2=0.8577
Epoch 36/100  train_mse=0.5456 test_mse=0.5749  train_r2=0.8558 test_r2=0.8467
Epoch 37/100  train_mse=0.4998 test_mse=0.5295  train_r2=0.8678 test_r2=0.8588
Epoch 38/100  train_mse=0.5304 test_mse=0.5535  train_r2=0.8598 test_r2=0.8524
Epoch 39/100  train_mse=0.5036 test_mse=0.5360  train_r2=0.8669 test_r2=0.8571
Epoch 40/100  train_mse=0.5439 test_mse=0.5690  train_r2=0.8562 test_r2=0.8483
Epoch 41/100  train_mse=0.4938 test_mse=0.5259  train_r2=0.8694 test_r2=0.8598
Epoch 42/100  train_mse=0.5113 test_mse=0.5414  train_r2=0.8648 test_r2=0.8556
Epoch 43/100  train_mse=0.4996 test_mse=0.5329  train_r2=0.8679 test_r2=0.8579
Epoch 44/100  train_mse=0.4999 test_mse=0.5295  train_r2=0.8678 test_r2=0.8588
Epoch 45/100  train_mse=0.4830 test_mse=0.5165  train_r2=0.8723 test_r2=0.8623
Epoch 46/100  train_mse=0.5259 test_mse=0.5572  train_r2=0.8610 test_r2=0.8514
Epoch 47/100  train_mse=0.4929 test_mse=0.5223  train_r2=0.8697 test_r2=0.8607
Epoch 48/100  train_mse=0.4896 test_mse=0.5226  train_r2=0.8706 test_r2=0.8607
Epoch 49/100  train_mse=0.5175 test_mse=0.5488  train_r2=0.8632 test_r2=0.8537
Epoch 50/100  train_mse=0.4822 test_mse=0.5176  train_r2=0.8725 test_r2=0.8620
Epoch 51/100  train_mse=0.5007 test_mse=0.5390  train_r2=0.8676 test_r2=0.8563
Epoch 52/100  train_mse=0.5328 test_mse=0.5671  train_r2=0.8591 test_r2=0.8488
Epoch 53/100  train_mse=0.5031 test_mse=0.5338  train_r2=0.8670 test_r2=0.8577
Epoch 54/100  train_mse=0.4881 test_mse=0.5223  train_r2=0.8710 test_r2=0.8607
Epoch 55/100  train_mse=0.4917 test_mse=0.5346  train_r2=0.8700 test_r2=0.8575
Epoch 56/100  train_mse=0.4750 test_mse=0.5099  train_r2=0.8744 test_r2=0.8640
Epoch 57/100  train_mse=0.5023 test_mse=0.5375  train_r2=0.8672 test_r2=0.8567
Epoch 58/100  train_mse=0.4994 test_mse=0.5331  train_r2=0.8680 test_r2=0.8579
Epoch 59/100  train_mse=0.4779 test_mse=0.5155  train_r2=0.8737 test_r2=0.8625
Epoch 60/100  train_mse=0.5232 test_mse=0.5582  train_r2=0.8617 test_r2=0.8512
Epoch 61/100  train_mse=0.4758 test_mse=0.5221  train_r2=0.8742 test_r2=0.8608
Epoch 62/100  train_mse=0.4812 test_mse=0.5164  train_r2=0.8728 test_r2=0.8623
Epoch 63/100  train_mse=0.4630 test_mse=0.5100  train_r2=0.8776 test_r2=0.8640
Epoch 64/100  train_mse=0.4728 test_mse=0.5173  train_r2=0.8750 test_r2=0.8621
Epoch 65/100  train_mse=0.4819 test_mse=0.5198  train_r2=0.8726 test_r2=0.8614
Epoch 66/100  train_mse=0.5141 test_mse=0.5574  train_r2=0.8641 test_r2=0.8514
Epoch 67/100  train_mse=0.4758 test_mse=0.5216  train_r2=0.8742 test_r2=0.8609
Epoch 68/100  train_mse=0.5157 test_mse=0.5578  train_r2=0.8637 test_r2=0.8513
Epoch 69/100  train_mse=0.4625 test_mse=0.5144  train_r2=0.8777 test_r2=0.8628
Epoch 70/100  train_mse=0.4723 test_mse=0.5202  train_r2=0.8751 test_r2=0.8613
Epoch 71/100  train_mse=0.4659 test_mse=0.5119  train_r2=0.8768 test_r2=0.8635
Epoch 72/100  train_mse=0.4630 test_mse=0.5099  train_r2=0.8776 test_r2=0.8640
Epoch 73/100  train_mse=0.4632 test_mse=0.5155  train_r2=0.8775 test_r2=0.8625
Epoch 74/100  train_mse=0.4523 test_mse=0.4996  train_r2=0.8804 test_r2=0.8668
Epoch 75/100  train_mse=0.4502 test_mse=0.4978  train_r2=0.8810 test_r2=0.8673
Epoch 76/100  train_mse=0.4714 test_mse=0.5171  train_r2=0.8754 test_r2=0.8621
Epoch 77/100  train_mse=0.4879 test_mse=0.5394  train_r2=0.8710 test_r2=0.8562
Epoch 78/100  train_mse=0.5025 test_mse=0.5471  train_r2=0.8671 test_r2=0.8541
Epoch 79/100  train_mse=0.4849 test_mse=0.5314  train_r2=0.8718 test_r2=0.8583
Epoch 80/100  train_mse=0.4993 test_mse=0.5531  train_r2=0.8680 test_r2=0.8525
Epoch 81/100  train_mse=0.4960 test_mse=0.5421  train_r2=0.8689 test_r2=0.8555
Epoch 82/100  train_mse=0.4831 test_mse=0.5324  train_r2=0.8723 test_r2=0.8580
Epoch 83/100  train_mse=0.4514 test_mse=0.5075  train_r2=0.8807 test_r2=0.8647
Epoch 84/100  train_mse=0.4370 test_mse=0.4932  train_r2=0.8845 test_r2=0.8685
Epoch 85/100  train_mse=0.4583 test_mse=0.5145  train_r2=0.8788 test_r2=0.8628
Epoch 86/100  train_mse=0.4615 test_mse=0.5142  train_r2=0.8780 test_r2=0.8629
Epoch 87/100  train_mse=0.4770 test_mse=0.5273  train_r2=0.8739 test_r2=0.8594
Epoch 88/100  train_mse=0.4799 test_mse=0.5355  train_r2=0.8731 test_r2=0.8572
Epoch 89/100  train_mse=0.4597 test_mse=0.5121  train_r2=0.8785 test_r2=0.8635
Epoch 90/100  train_mse=0.4408 test_mse=0.4992  train_r2=0.8835 test_r2=0.8669
Epoch 91/100  train_mse=0.4656 test_mse=0.5191  train_r2=0.8769 test_r2=0.8616
Epoch 92/100  train_mse=0.4618 test_mse=0.5241  train_r2=0.8779 test_r2=0.8603
Epoch 93/100  train_mse=0.4576 test_mse=0.5145  train_r2=0.8790 test_r2=0.8628
Epoch 94/100  train_mse=0.4364 test_mse=0.4927  train_r2=0.8846 test_r2=0.8686
Epoch 95/100  train_mse=0.4404 test_mse=0.4981  train_r2=0.8836 test_r2=0.8672
Epoch 96/100  train_mse=0.4538 test_mse=0.5115  train_r2=0.8800 test_r2=0.8636
Epoch 97/100  train_mse=0.4434 test_mse=0.5049  train_r2=0.8828 test_r2=0.8654
Epoch 98/100  train_mse=0.4363 test_mse=0.5009  train_r2=0.8846 test_r2=0.8664
Epoch 99/100  train_mse=0.4641 test_mse=0.5226  train_r2=0.8773 test_r2=0.8607
Epoch 100/100  train_mse=0.4386 test_mse=0.5008  train_r2=0.8840 test_r2=0.8665
saved checkpoint to /Users/riyamehta/ot-dual-potentials/checkpoints/sep_0.15/model.pth
saved loss curve to /Users/riyamehta/ot-dual-potentials/results/sep_0.15/loss_curve.png
saved R^2 curve to /Users/riyamehta/ot-dual-potentials/results/sep_0.15/r2_curve.png
saved per-epoch metrics to /Users/riyamehta/ot-dual-potentials/results/sep_0.15/metrics.csv
